\BOOKMARK [1][-]{section.1}{\376\377\000I\000n\000t\000r\000o\000d\000u\000c\000t\000i\000o\000n}{}% 1
\BOOKMARK [1][-]{section.2}{\376\377\000B\000a\000c\000k\000g\000r\000o\000u\000n\000d\000\040\000a\000n\000d\000\040\000R\000e\000l\000a\000t\000e\000d\000\040\000W\000o\000r\000k}{}% 2
\BOOKMARK [1][-]{section.3}{\376\377\000M\000e\000t\000h\000o\000d\000s}{}% 3
\BOOKMARK [2][-]{subsection.3.1}{\376\377\000P\000s\000e\000u\000d\000o\000\040\000G\000-\000S\000t\000u\000d\000y\000:\000\040\000M\000e\000a\000s\000u\000r\000e\000m\000e\000n\000t\000\040\000D\000e\000s\000i\000g\000n\000\040\000A\000u\000d\000i\000t}{section.3}% 4
\BOOKMARK [2][-]{subsection.3.2}{\376\377\000M\000u\000l\000t\000i\000d\000i\000m\000e\000n\000s\000i\000o\000n\000a\000l\000\040\000I\000R\000T\000\040\000M\000o\000d\000e\000l}{section.3}% 5
\BOOKMARK [2][-]{subsection.3.3}{\376\377\000H\000a\000r\000n\000e\000s\000s\000\040\000F\000e\000a\000t\000u\000r\000e\000\040\000a\000n\000d\000\040\000R\000e\000s\000i\000d\000u\000a\000l\000\040\000M\000o\000d\000e\000l}{section.3}% 6
\BOOKMARK [2][-]{subsection.3.4}{\376\377\000T\000a\000s\000k\000\040\000S\000e\000l\000e\000c\000t\000i\000o\000n\000\040\000a\000n\000d\000\040\000A\000d\000a\000p\000t\000i\000v\000e\000\040\000E\000v\000a\000l\000u\000a\000t\000i\000o\000n}{section.3}% 7
\BOOKMARK [2][-]{subsection.3.5}{\376\377\000E\000v\000a\000l\000u\000a\000t\000i\000o\000n\000\040\000P\000r\000o\000t\000o\000c\000o\000l}{section.3}% 8
\BOOKMARK [1][-]{section.4}{\376\377\000R\000e\000s\000u\000l\000t\000s\000\040\000a\000n\000d\000\040\000D\000i\000s\000c\000u\000s\000s\000i\000o\000n}{}% 9
\BOOKMARK [2][-]{subsection.4.1}{\376\377\000E\000x\000p\000l\000o\000r\000a\000t\000o\000r\000y\000\040\000M\000e\000a\000s\000u\000r\000e\000m\000e\000n\000t\000\040\000A\000u\000d\000i\000t}{section.4}% 10
\BOOKMARK [2][-]{subsection.4.2}{\376\377\000M\000I\000R\000T\000\040\000M\000o\000d\000e\000l\000\040\000C\000o\000m\000p\000a\000r\000i\000s\000o\000n}{section.4}% 11
\BOOKMARK [2][-]{subsection.4.3}{\376\377\000B\000e\000n\000c\000h\000m\000a\000r\000k\000\040\000D\000o\000w\000n\000s\000c\000a\000l\000i\000n\000g}{section.4}% 12
\BOOKMARK [2][-]{subsection.4.4}{\376\377\000W\000h\000i\000c\000h\000\040\000T\000o\000o\000l\000\040\000I\000n\000t\000e\000r\000f\000a\000c\000e\000s\000\040\000H\000e\000l\000p\000?}{section.4}% 13
\BOOKMARK [1][-]{section.5}{\376\377\000C\000o\000n\000c\000l\000u\000s\000i\000o\000n}{}% 14
\BOOKMARK [1][-]{section.6}{\376\377\000A\000I\000\040\000D\000i\000s\000c\000l\000o\000s\000u\000r\000e\000\040\000S\000t\000a\000t\000e\000m\000e\000n\000t}{}% 15
\BOOKMARK [1][-]{appendix.A}{\376\377\000P\000s\000e\000u\000d\000o\000\040\000G\000-\000S\000t\000u\000d\000y\000\040\000M\000e\000t\000h\000o\000d\000o\000l\000o\000g\000y}{}% 16
\BOOKMARK [1][-]{appendix.B}{\376\377\000D\000a\000t\000a\000s\000e\000t\000\040\000I\000n\000v\000e\000n\000t\000o\000r\000y}{}% 17
\BOOKMARK [2][-]{subsection.B.1}{\376\377\000B\000e\000n\000c\000h\000m\000a\000r\000k\000s}{appendix.B}% 18
\BOOKMARK [2][-]{subsection.B.2}{\376\377\000S\000e\000m\000a\000n\000t\000i\000c\000\040\000M\000o\000d\000e\000l\000\040\000a\000n\000d\000\040\000M\000o\000d\000e\000l\000-\000C\000o\000n\000f\000i\000g\000u\000r\000a\000t\000i\000o\000n\000\040\000G\000r\000o\000u\000p\000s}{appendix.B}% 19
\BOOKMARK [2][-]{subsection.B.3}{\376\377\000R\000e\000a\000s\000o\000n\000i\000n\000g\000-\000E\000f\000f\000o\000r\000t\000\040\000N\000o\000r\000m\000a\000l\000i\000z\000a\000t\000i\000o\000n}{appendix.B}% 20
\BOOKMARK [2][-]{subsection.B.4}{\376\377\000S\000e\000m\000a\000n\000t\000i\000c\000\040\000H\000a\000r\000n\000e\000s\000s\000\040\000a\000n\000d\000\040\000S\000c\000a\000f\000f\000o\000l\000d\000\040\000G\000r\000o\000u\000p\000s}{appendix.B}% 21
\BOOKMARK [1][-]{appendix.C}{\376\377\000T\000o\000o\000l\000-\000E\000x\000p\000o\000s\000u\000r\000e\000\040\000T\000a\000x\000o\000n\000o\000m\000y}{}% 22
\BOOKMARK [2][-]{subsection.C.1}{\376\377\000M\000e\000c\000h\000a\000n\000i\000s\000m\000\040\000I\000n\000d\000e\000x}{appendix.C}% 23
\BOOKMARK [2][-]{subsection.C.2}{\376\377\000E\000x\000p\000o\000s\000e\000d\000-\000T\000o\000o\000l\000\040\000I\000n\000v\000e\000n\000t\000o\000r\000y}{appendix.C}% 24
\BOOKMARK [2][-]{subsection.C.3}{\376\377\000C\000a\000n\000o\000n\000i\000c\000a\000l\000\040\000T\000o\000o\000l\000-\000P\000a\000s\000s\000a\000g\000e\000\040\000M\000e\000c\000h\000a\000n\000i\000s\000m\000s}{appendix.C}% 25
\BOOKMARK [2][-]{subsection.C.4}{\376\377\000N\000o\000r\000m\000a\000l\000i\000z\000e\000d\000\040\000H\000a\000r\000n\000e\000s\000s\000\040\000L\000a\000b\000e\000l\000s}{appendix.C}% 26
\BOOKMARK [2][-]{subsection.C.5}{\376\377\000T\000o\000o\000l\000\040\000a\000n\000d\000\040\000A\000f\000f\000o\000r\000d\000a\000n\000c\000e\000\040\000M\000e\000t\000a\000d\000a\000t\000a\000\040\000C\000o\000n\000s\000t\000r\000u\000c\000t\000i\000o\000n}{appendix.C}% 27
\BOOKMARK [2][-]{subsection.C.6}{\376\377\000I\000n\000t\000e\000r\000p\000r\000e\000t\000a\000t\000i\000o\000n\000\040\000f\000o\000r\000\040\000T\000r\000a\000c\000e\000\040\000F\000e\000a\000t\000u\000r\000e\000s}{appendix.C}% 28
\BOOKMARK [1][-]{appendix.D}{\376\377\000S\000W\000E\000-\000b\000e\000n\000c\000h\000\040\000T\000r\000a\000c\000e\000\040\000A\000u\000d\000i\000t\000:\000\040\000R\000e\000g\000i\000s\000t\000r\000y\000\040\000v\000s\000.\000\040\000R\000e\000p\000o\000\040\000W\000o\000r\000k\000f\000l\000o\000w}{}% 29
